👁️ Discovered 11 total unique themes across your drives: ['edgy_sassy_creator_kit', 'power_dynamics_smooth_kit', 'spicy_sensual_post_kit', 'adult_creator_60_mega_bundle', 'bundle_9_dark_luxury_red_and_matte_black', 'adult_creator_smooth_600_vault_vol', 'seductive_reds_feed_collection', 'adult_creator_600_ultimate_master_vault', 'brat_aesthetic_pink_feed_kit', 'clipart_zips_item', 'untitled']
🚀 Starting global warehouse packaging loop...

🔍 Scanning directory: /home/wildbill/all_combined_zips for theme 'adult_creator_600_ultimate_master_vault'...
🔍 Scanning directory: /home/wildbill/adult_clipart_factory for theme 'adult_creator_600_ultimate_master_vault'...
🔍 Scanning directory: /home/wildbill/adult_graphics_factory for theme 'adult_creator_600_ultimate_master_vault'...
📂 Found 1 total unique source packs for theme 'adult_creator_600_ultimate_master_vault'.
📦 Compiling into 1 separate high-value Mega-Vault volumes...

🔒 Packing volume 1 (1 assets) into: adult_creator_600_ultimate_master_vault-mega-vault-vol1.zip...
⏭️ Skipping volume 1: 600 files found (required 150-200).

🚀 System synchronization complete! Fresh master bundles saved to: /home/wildbill/vault_secure_backups
🔍 Scanning directory: /home/wildbill/all_combined_zips for theme 'adult_creator_60_mega_bundle'...
🔍 Scanning directory: /home/wildbill/adult_clipart_factory for theme 'adult_creator_60_mega_bundle'...
🔍 Scanning directory: /home/wildbill/adult_graphics_factory for theme 'adult_creator_60_mega_bundle'...
📂 Found 1 total unique source packs for theme 'adult_creator_60_mega_bundle'.
📦 Compiling into 1 separate high-value Mega-Vault volumes...

🔒 Packing volume 1 (1 assets) into: adult_creator_60_mega_bundle-mega-vault-vol1.zip...
⏭️ Skipping volume 1: 60 files found (required 150-200).

🚀 System synchronization complete! Fresh master bundles saved to: /home/wildbill/vault_secure_backups
🔍 Scanning directory: /home/wildbill/all_combined_zips for theme 'adult_creator_smooth_600_vault_vol'...
🔍 Scanning directory: /home/wildbill/adult_clipart_factory for theme 'adult_creator_smooth_600_vault_vol'...
🔍 Scanning directory: /home/wildbill/adult_graphics_factory for theme 'adult_creator_smooth_600_vault_vol'...
📂 Found 1 total unique source packs for theme 'adult_creator_smooth_600_vault_vol'.
📦 Compiling into 1 separate high-value Mega-Vault volumes...

🔒 Packing volume 1 (1 assets) into: adult_creator_smooth_600_vault_vol-mega-vault-vol1.zip...
⏭️ Skipping volume 1: 601 files found (required 150-200).

🚀 System synchronization complete! Fresh master bundles saved to: /home/wildbill/vault_secure_backups
🔍 Scanning directory: /home/wildbill/all_combined_zips for theme 'brat_aesthetic_pink_feed_kit'...
🔍 Scanning directory: /home/wildbill/adult_clipart_factory for theme 'brat_aesthetic_pink_feed_kit'...
🔍 Scanning directory: /home/wildbill/adult_graphics_factory for theme 'brat_aesthetic_pink_feed_kit'...
📂 Found 1 total unique source packs for theme 'brat_aesthetic_pink_feed_kit'.
📦 Compiling into 1 separate high-value Mega-Vault volumes...

🔒 Packing volume 1 (1 assets) into: brat_aesthetic_pink_feed_kit-mega-vault-vol1.zip...
⏭️ Skipping volume 1: 120 files found (required 150-200).

🚀 System synchronization complete! Fresh master bundles saved to: /home/wildbill/vault_secure_backups
🔍 Scanning directory: /home/wildbill/all_combined_zips for theme 'bundle_9_dark_luxury_red_and_matte_black'...
🔍 Scanning directory: /home/wildbill/adult_clipart_factory for theme 'bundle_9_dark_luxury_red_and_matte_black'...
🔍 Scanning directory: /home/wildbill/adult_graphics_factory for theme 'bundle_9_dark_luxury_red_and_matte_black'...
📂 Found 1 total unique source packs for theme 'bundle_9_dark_luxury_red_and_matte_black'.
📦 Compiling into 1 separate high-value Mega-Vault volumes...

🔒 Packing volume 1 (1 assets) into: bundle_9_dark_luxury_red_and_matte_black-mega-vault-vol1.zip...
⏭️ Skipping volume 1: 18 files found (required 150-200).

🚀 System synchronization complete! Fresh master bundles saved to: /home/wildbill/vault_secure_backups
🔍 Scanning directory: /home/wildbill/all_combined_zips for theme 'clipart_zips_item'...
🔍 Scanning directory: /home/wildbill/adult_clipart_factory for theme 'clipart_zips_item'...
🔍 Scanning directory: /home/wildbill/adult_graphics_factory for theme 'clipart_zips_item'...
📂 Found 1 total unique source packs for theme 'clipart_zips_item'.
📦 Compiling into 1 separate high-value Mega-Vault volumes...

🔒 Packing volume 1 (1 assets) into: clipart_zips_item-mega-vault-vol1.zip...
⏭️ Skipping volume 1: 10 files found (required 150-200).

🚀 System synchronization complete! Fresh master bundles saved to: /home/wildbill/vault_secure_backups
🔍 Scanning directory: /home/wildbill/all_combined_zips for theme 'edgy_sassy_creator_kit'...
🔍 Scanning directory: /home/wildbill/adult_clipart_factory for theme 'edgy_sassy_creator_kit'...
🔍 Scanning directory: /home/wildbill/adult_graphics_factory for theme 'edgy_sassy_creator_kit'...
📂 Found 1 total unique source packs for theme 'edgy_sassy_creator_kit'.
📦 Compiling into 1 separate high-value Mega-Vault volumes...

🔒 Packing volume 1 (1 assets) into: edgy_sassy_creator_kit-mega-vault-vol1.zip...
⏭️ Skipping volume 1: 40 files found (required 150-200).

🚀 System synchronization complete! Fresh master bundles saved to: /home/wildbill/vault_secure_backups
🔍 Scanning directory: /home/wildbill/all_combined_zips for theme 'power_dynamics_smooth_kit'...
🔍 Scanning directory: /home/wildbill/adult_clipart_factory for theme 'power_dynamics_smooth_kit'...
🔍 Scanning directory: /home/wildbill/adult_graphics_factory for theme 'power_dynamics_smooth_kit'...
📂 Found 1 total unique source packs for theme 'power_dynamics_smooth_kit'.
📦 Compiling into 1 separate high-value Mega-Vault volumes...

🔒 Packing volume 1 (1 assets) into: power_dynamics_smooth_kit-mega-vault-vol1.zip...
✅ Vol 1 recorded! Injected file count of 200 assets to database row.

🚀 System synchronization complete! Fresh master bundles saved to: /home/wildbill/vault_secure_backups
🔍 Scanning directory: /home/wildbill/all_combined_zips for theme 'seductive_reds_feed_collection'...
🔍 Scanning directory: /home/wildbill/adult_clipart_factory for theme 'seductive_reds_feed_collection'...
🔍 Scanning directory: /home/wildbill/adult_graphics_factory for theme 'seductive_reds_feed_collection'...
📂 Found 1 total unique source packs for theme 'seductive_reds_feed_collection'.
📦 Compiling into 1 separate high-value Mega-Vault volumes...

🔒 Packing volume 1 (1 assets) into: seductive_reds_feed_collection-mega-vault-vol1.zip...
⏭️ Skipping volume 1: 240 files found (required 150-200).

🚀 System synchronization complete! Fresh master bundles saved to: /home/wildbill/vault_secure_backups
🔍 Scanning directory: /home/wildbill/all_combined_zips for theme 'spicy_sensual_post_kit'...
🔍 Scanning directory: /home/wildbill/adult_clipart_factory for theme 'spicy_sensual_post_kit'...
🔍 Scanning directory: /home/wildbill/adult_graphics_factory for theme 'spicy_sensual_post_kit'...
📂 Found 1 total unique source packs for theme 'spicy_sensual_post_kit'.
📦 Compiling into 1 separate high-value Mega-Vault volumes...

🔒 Packing volume 1 (1 assets) into: spicy_sensual_post_kit-mega-vault-vol1.zip...
⏭️ Skipping volume 1: 20 files found (required 150-200).

🚀 System synchronization complete! Fresh master bundles saved to: /home/wildbill/vault_secure_backups
🔍 Scanning directory: /home/wildbill/all_combined_zips for theme 'untitled'...
🔍 Scanning directory: /home/wildbill/adult_clipart_factory for theme 'untitled'...
🔍 Scanning directory: /home/wildbill/adult_graphics_factory for theme 'untitled'...
📂 Found 1 total unique source packs for theme 'untitled'.
📦 Compiling into 1 separate high-value Mega-Vault volumes...

🔒 Packing volume 1 (1 assets) into: untitled-mega-vault-vol1.zip...
⏭️ Skipping volume 1: 2 files found (required 150-200).

🚀 System synchronization complete! Fresh master bundles saved to: /home/wildbill/vault_secure_backups

👑 ALL WAREHOUSE BUNDLES GENERATED AND LOGGED TO DATABASE SUCCESSFULLY!
